******************************************************************************
                  TI ARM Linker PC v20.2.7                     
******************************************************************************
>> Linked Wed Dec 11 03:53:53 2024

OUTPUT FILE NAME:   <robotic_car.out>
ENTRY POINT SYMBOL: "_c_int00_noargs"  address: 00000a29


MEMORY CONFIGURATION

         name            origin    length      used     unused   attr    fill
----------------------  --------  ---------  --------  --------  ----  --------
  FLASH                 00000000   00040000  00000af2  0003f50e  R  X
  SRAM                  20000000   00008000  00000210  00007df0  RW X


SEGMENT ALLOCATION MAP

run origin  load origin   length   init length attrs members
----------  ----------- ---------- ----------- ----- -------
00000000    00000000    00000af8   00000af8    r-x
  00000000    00000000    0000026c   0000026c    r-- .intvecs
  0000026c    0000026c    0000084e   0000084e    r-x .text
  00000ac0    00000ac0    00000008   00000008    r-- .const
  00000ac8    00000ac8    00000030   00000030    r-- .cinit
20000000    20000000    00000210   00000000    rw-
  20000000    20000000    00000200   00000000    rw- .stack
  20000200    20000200    0000000c   00000000    rw- .bss
  2000020c    2000020c    00000004   00000000    rw- .data


SECTION ALLOCATION MAP

 output                                  attributes/
section   page    origin      length       input sections
--------  ----  ----------  ----------   ----------------
.intvecs   0    00000000    0000026c     
                  00000000    0000026c     tm4c123gh6pm_startup_ccs.obj (.intvecs)

.text      0    0000026c    0000084e     
                  0000026c    00000534     main.obj (.text)
                  000007a0    000000fc     rtsv7M4_T_le_v4SPD16_eabi.lib : fd_mul_t2.asm.obj (.text)
                  0000089c    0000009c                                   : memcpy_t2.asm.obj (.text)
                  00000938    00000068                                   : copy_decompress_lzss.c.obj (.text:decompress:lzss:__TI_decompress_lzss)
                  000009a0    00000044                                   : autoinit.c.obj (.text:__TI_auto_init_nobinit_nopinit:__TI_auto_init_nobinit_nopinit)
                  000009e4    00000044                                   : fd_tou_t2.asm.obj (.text)
                  00000a28    00000034                                   : boot_cortex_m.c.obj (.text:_c_int00_noargs:_c_int00_noargs)
                  00000a5c    00000020                                   : u_tofd_t2.asm.obj (.text)
                  00000a7c    0000001c                                   : copy_zero_init.c.obj (.text:decompress:ZI:__TI_zero_init_nomemset:__TI_zero_init_nomemset)
                  00000a98    0000000e                                   : copy_decompress_none.c.obj (.text:decompress:none:__TI_decompress_none)
                  00000aa6    0000000c     tm4c123gh6pm_startup_ccs.obj (.text)
                  00000ab2    00000004     rtsv7M4_T_le_v4SPD16_eabi.lib : pre_init.c.obj (.text:_system_pre_init)
                  00000ab6    00000004                                   : exit.c.obj (.text:abort:abort)

.const     0    00000ac0    00000008     
                  00000ac0    00000008     main.obj (.const)

.cinit     0    00000ac8    00000030     
                  00000ac8    0000000c     (__TI_handler_table)
                  00000ad4    00000004     --HOLE-- [fill = 0]
                  00000ad8    00000008     (.cinit..bss.load) [load image, compression = zero_init]
                  00000ae0    00000008     (.cinit..data.load) [load image, compression = lzss]
                  00000ae8    00000010     (__TI_cinit_table)

.init_array 
*          0    00000000    00000000     UNINITIALIZED

.bss       0    20000200    0000000c     UNINITIALIZED
                  20000200    0000000c     main.obj (.bss)

.data      0    2000020c    00000004     UNINITIALIZED
                  2000020c    00000004     main.obj (.data)

.stack     0    20000000    00000200     UNINITIALIZED
                  20000000    00000004     rtsv7M4_T_le_v4SPD16_eabi.lib : boot_cortex_m.c.obj (.stack)
                  20000004    000001fc     --HOLE--

__llvm_prf_cnts 
*          0    20000000    00000000     UNINITIALIZED

MODULE SUMMARY

       Module                         code   ro data   rw data
       ------                         ----   -------   -------
    .\
       main.obj                       1332   8         16     
       tm4c123gh6pm_startup_ccs.obj   12     620       0      
    +--+------------------------------+------+---------+---------+
       Total:                         1344   628       16     
                                                              
    C:\ti\ccs1270\ccs\tools\compiler\ti-cgt-arm_20.2.7.LTS\lib\rtsv7M4_T_le_v4SPD16_eabi.lib
       fd_mul_t2.asm.obj              252    0         0      
       memcpy_t2.asm.obj              156    0         0      
       copy_decompress_lzss.c.obj     104    0         0      
       autoinit.c.obj                 68     0         0      
       fd_tou_t2.asm.obj              68     0         0      
       boot_cortex_m.c.obj            52     0         0      
       u_tofd_t2.asm.obj              32     0         0      
       copy_zero_init.c.obj           28     0         0      
       copy_decompress_none.c.obj     14     0         0      
       exit.c.obj                     4      0         0      
       pre_init.c.obj                 4      0         0      
    +--+------------------------------+------+---------+---------+
       Total:                         782    0         0      
                                                              
       Stack:                         0      0         512    
       Linker Generated:              0      44        0      
    +--+------------------------------+------+---------+---------+
       Grand Total:                   2126   672       528    


LINKER GENERATED COPY TABLES

__TI_cinit_table @ 00000ae8 records: 2, size/record: 8, table size: 16
	.bss: load addr=00000ad8, load size=00000008 bytes, run addr=20000200, run size=0000000c bytes, compression=zero_init
	.data: load addr=00000ae0, load size=00000008 bytes, run addr=2000020c, run size=00000004 bytes, compression=lzss


LINKER GENERATED HANDLER TABLE

__TI_handler_table @ 00000ac8 records: 3, size/record: 4, table size: 12
	index: 0, handler: __TI_decompress_lzss
	index: 1, handler: __TI_decompress_none
	index: 2, handler: __TI_zero_init


GLOBAL SYMBOLS: SORTED ALPHABETICALLY BY Name 

address   name                          
-------   ----                          
00000ab7  C$$EXIT                       
000004b1  Delay_MicroSecond             
00000aa7  ResetISR                      
000005e5  Timer0_init                   
20000200  __STACK_END                   
00000200  __STACK_SIZE                  
20000200  __STACK_TOP                   
00000ae8  __TI_CINIT_Base               
00000af8  __TI_CINIT_Limit              
00000ac8  __TI_Handler_Table_Base       
00000ad4  __TI_Handler_Table_Limit      
000009a1  __TI_auto_init_nobinit_nopinit
00000939  __TI_decompress_lzss          
00000a99  __TI_decompress_none          
ffffffff  __TI_pprof_out_hndl           
ffffffff  __TI_prof_data_size           
ffffffff  __TI_prof_data_start          
00000000  __TI_static_base__            
00000a7d  __TI_zero_init_nomemset       
000009e5  __aeabi_d2uiz                 
000007a1  __aeabi_dmul                  
0000089d  __aeabi_memcpy                
0000089d  __aeabi_memcpy4               
0000089d  __aeabi_memcpy8               
00000a5d  __aeabi_ui2d                  
ffffffff  __binit__                     
ffffffff  __c_args__                    
UNDEFED   __mpu_init                    
20000000  __stack                       
20000000  __start___llvm_prf_cnts       
20000000  __stop___llvm_prf_cnts        
00000a29  _c_int00_noargs               
UNDEFED   _system_post_cinit            
00000ab3  _system_pre_init              
00000ab7  abort                         
ffffffff  binit                         
00000000  g_pfnVectors                  
000003f3  left_motor_backward           
000003dd  left_motor_forward            
00000409  left_motor_stop               
0000036b  lookleft                      
00000345  lookright                     
0000026d  main                          
0000069d  measureD                      
0000089d  memcpy                        
00000465  movebackward                  
00000459  moveforward                   
0000044d  movestop                      
00000657  portA_init                    
000003ab  portB_init                    
00000391  read_distance                 
0000042b  right_motor_backward          
00000415  right_motor_forward           
00000441  right_motor_stop              
000005a1  servo_135_degree              
00000515  servo_45_degree               
00000555  servo_90_degree               
00000489  servo_init                    
0000047d  turnleft                      
00000471  turnright                     


GLOBAL SYMBOLS: SORTED BY Symbol Address 

address   name                          
-------   ----                          
00000000  __TI_static_base__            
00000000  g_pfnVectors                  
00000200  __STACK_SIZE                  
0000026d  main                          
00000345  lookright                     
0000036b  lookleft                      
00000391  read_distance                 
000003ab  portB_init                    
000003dd  left_motor_forward            
000003f3  left_motor_backward           
00000409  left_motor_stop               
00000415  right_motor_forward           
0000042b  right_motor_backward          
00000441  right_motor_stop              
0000044d  movestop                      
00000459  moveforward                   
00000465  movebackward                  
00000471  turnright                     
0000047d  turnleft                      
00000489  servo_init                    
000004b1  Delay_MicroSecond             
00000515  servo_45_degree               
00000555  servo_90_degree               
000005a1  servo_135_degree              
000005e5  Timer0_init                   
00000657  portA_init                    
0000069d  measureD                      
000007a1  __aeabi_dmul                  
0000089d  __aeabi_memcpy                
0000089d  __aeabi_memcpy4               
0000089d  __aeabi_memcpy8               
0000089d  memcpy                        
00000939  __TI_decompress_lzss          
000009a1  __TI_auto_init_nobinit_nopinit
000009e5  __aeabi_d2uiz                 
00000a29  _c_int00_noargs               
00000a5d  __aeabi_ui2d                  
00000a7d  __TI_zero_init_nomemset       
00000a99  __TI_decompress_none          
00000aa7  ResetISR                      
00000ab3  _system_pre_init              
00000ab7  C$$EXIT                       
00000ab7  abort                         
00000ac8  __TI_Handler_Table_Base       
00000ad4  __TI_Handler_Table_Limit      
00000ae8  __TI_CINIT_Base               
00000af8  __TI_CINIT_Limit              
20000000  __stack                       
20000000  __start___llvm_prf_cnts       
20000000  __stop___llvm_prf_cnts        
20000200  __STACK_END                   
20000200  __STACK_TOP                   
ffffffff  __TI_pprof_out_hndl           
ffffffff  __TI_prof_data_size           
ffffffff  __TI_prof_data_start          
ffffffff  __binit__                     
ffffffff  __c_args__                    
ffffffff  binit                         
UNDEFED   __mpu_init                    
UNDEFED   _system_post_cinit            

[60 symbols]
